[2021-09-01T23:09:56.898+0200][gc,heap] Heap region size: 1M
[2021-09-01T23:09:56.905+0200][gc     ] Using G1
[2021-09-01T23:09:56.905+0200][gc,heap,coops] Heap address: 0x00000000c0000000, size: 1024 MB, Compressed Oops mode: 32-bit
[2021-09-01T23:09:56.905+0200][gc,cds       ] Mark closed archive regions in map: [0x00000000fff00000, 0x00000000fff6aff8]
[2021-09-01T23:09:56.905+0200][gc,cds       ] Mark open archive regions in map: [0x00000000ffe00000, 0x00000000ffe46ff8]
[2021-09-01T23:09:57.602+0200][gc,start     ] GC(0) Pause Young (Normal) (G1 Evacuation Pause)
[2021-09-01T23:09:57.603+0200][gc,task      ] GC(0) Using 10 workers of 10 for evacuation
[2021-09-01T23:09:57.614+0200][gc,phases    ] GC(0)   Pre Evacuate Collection Set: 0,0ms
[2021-09-01T23:09:57.614+0200][gc,phases    ] GC(0)   Evacuate Collection Set: 10,4ms
[2021-09-01T23:09:57.614+0200][gc,phases    ] GC(0)   Post Evacuate Collection Set: 0,4ms
[2021-09-01T23:09:57.614+0200][gc,phases    ] GC(0)   Other: 1,0ms
[2021-09-01T23:09:57.614+0200][gc,heap      ] GC(0) Eden regions: 51->0(44)
[2021-09-01T23:09:57.614+0200][gc,heap      ] GC(0) Survivor regions: 0->7(7)
[2021-09-01T23:09:57.614+0200][gc,heap      ] GC(0) Old regions: 2->2
[2021-09-01T23:09:57.614+0200][gc,heap      ] GC(0) Humongous regions: 0->0
[2021-09-01T23:09:57.614+0200][gc,metaspace ] GC(0) Metaspace: 15406K->15406K(1062912K)
[2021-09-01T23:09:57.614+0200][gc           ] GC(0) Pause Young (Normal) (G1 Evacuation Pause) 51M->6M(1024M) 11,791ms
[2021-09-01T23:09:57.614+0200][gc,cpu       ] GC(0) User=0,07s Sys=0,04s Real=0,01s
[2021-09-01T23:09:57.826+0200][gc,start     ] GC(1) Pause Young (Concurrent Start) (Metadata GC Threshold)
[2021-09-01T23:09:57.826+0200][gc,task      ] GC(1) Using 10 workers of 10 for evacuation
[2021-09-01T23:09:57.837+0200][gc,phases    ] GC(1)   Pre Evacuate Collection Set: 0,1ms
[2021-09-01T23:09:57.837+0200][gc,phases    ] GC(1)   Evacuate Collection Set: 10,3ms
[2021-09-01T23:09:57.837+0200][gc,phases    ] GC(1)   Post Evacuate Collection Set: 0,3ms
[2021-09-01T23:09:57.837+0200][gc,phases    ] GC(1)   Other: 0,2ms
[2021-09-01T23:09:57.837+0200][gc,heap      ] GC(1) Eden regions: 23->0(49)
[2021-09-01T23:09:57.837+0200][gc,heap      ] GC(1) Survivor regions: 7->2(7)
[2021-09-01T23:09:57.837+0200][gc,heap      ] GC(1) Old regions: 2->9
[2021-09-01T23:09:57.837+0200][gc,heap      ] GC(1) Humongous regions: 129->129
[2021-09-01T23:09:57.837+0200][gc,metaspace ] GC(1) Metaspace: 20572K->20572K(1067008K)
[2021-09-01T23:09:57.837+0200][gc           ] GC(1) Pause Young (Concurrent Start) (Metadata GC Threshold) 158M->137M(1024M) 11,007ms
[2021-09-01T23:09:57.837+0200][gc,cpu       ] GC(1) User=0,06s Sys=0,03s Real=0,01s
[2021-09-01T23:09:57.837+0200][gc           ] GC(2) Concurrent Cycle
[2021-09-01T23:09:57.838+0200][gc,marking   ] GC(2) Concurrent Clear Claimed Marks
[2021-09-01T23:09:57.838+0200][gc,marking   ] GC(2) Concurrent Clear Claimed Marks 0,045ms
[2021-09-01T23:09:57.838+0200][gc,marking   ] GC(2) Concurrent Scan Root Regions
[2021-09-01T23:09:57.839+0200][gc,marking   ] GC(2) Concurrent Scan Root Regions 1,317ms
[2021-09-01T23:09:57.839+0200][gc,marking   ] GC(2) Concurrent Mark (0,946s)
[2021-09-01T23:09:57.839+0200][gc,marking   ] GC(2) Concurrent Mark From Roots
[2021-09-01T23:09:57.839+0200][gc,task      ] GC(2) Using 3 workers of 3 for marking
[2021-09-01T23:09:57.846+0200][gc,marking   ] GC(2) Concurrent Mark From Roots 7,130ms
[2021-09-01T23:09:57.846+0200][gc,marking   ] GC(2) Concurrent Preclean
[2021-09-01T23:09:57.846+0200][gc,marking   ] GC(2) Concurrent Preclean 0,111ms
[2021-09-01T23:09:57.846+0200][gc,marking   ] GC(2) Concurrent Mark (0,946s, 0,953s) 7,296ms
[2021-09-01T23:09:57.846+0200][gc,start     ] GC(2) Pause Remark
[2021-09-01T23:09:57.848+0200][gc,stringtable] GC(2) Cleaned string and symbol table, strings: 5069 processed, 0 removed, symbols: 50929 processed, 41 removed
[2021-09-01T23:09:57.848+0200][gc            ] GC(2) Pause Remark 138M->138M(1024M) 2,125ms
[2021-09-01T23:09:57.848+0200][gc,cpu        ] GC(2) User=0,01s Sys=0,00s Real=0,00s
[2021-09-01T23:09:57.849+0200][gc,marking    ] GC(2) Concurrent Rebuild Remembered Sets
[2021-09-01T23:09:57.851+0200][gc,marking    ] GC(2) Concurrent Rebuild Remembered Sets 2,106ms
[2021-09-01T23:09:57.851+0200][gc,start      ] GC(2) Pause Cleanup
[2021-09-01T23:09:57.851+0200][gc            ] GC(2) Pause Cleanup 138M->138M(1024M) 0,201ms
[2021-09-01T23:09:57.851+0200][gc,cpu        ] GC(2) User=0,00s Sys=0,00s Real=0,00s
[2021-09-01T23:09:57.851+0200][gc,marking    ] GC(2) Concurrent Cleanup for Next Mark
[2021-09-01T23:09:57.852+0200][gc,marking    ] GC(2) Concurrent Cleanup for Next Mark 1,542ms
[2021-09-01T23:09:57.853+0200][gc            ] GC(2) Concurrent Cycle 15,065ms
[2021-09-01T23:09:58.299+0200][gc,start      ] GC(3) Pause Young (Normal) (G1 Evacuation Pause)
[2021-09-01T23:09:58.299+0200][gc,task       ] GC(3) Using 10 workers of 10 for evacuation
[2021-09-01T23:09:58.303+0200][gc,phases     ] GC(3)   Pre Evacuate Collection Set: 0,0ms
[2021-09-01T23:09:58.303+0200][gc,phases     ] GC(3)   Evacuate Collection Set: 3,1ms
[2021-09-01T23:09:58.303+0200][gc,phases     ] GC(3)   Post Evacuate Collection Set: 0,4ms
[2021-09-01T23:09:58.303+0200][gc,phases     ] GC(3)   Other: 0,2ms
[2021-09-01T23:09:58.303+0200][gc,heap       ] GC(3) Eden regions: 49->0(46)
[2021-09-01T23:09:58.303+0200][gc,heap       ] GC(3) Survivor regions: 2->5(7)
[2021-09-01T23:09:58.303+0200][gc,heap       ] GC(3) Old regions: 9->9
[2021-09-01T23:09:58.303+0200][gc,heap       ] GC(3) Humongous regions: 129->129
[2021-09-01T23:09:58.303+0200][gc,metaspace  ] GC(3) Metaspace: 30455K->30455K(1077248K)
[2021-09-01T23:09:58.303+0200][gc            ] GC(3) Pause Young (Normal) (G1 Evacuation Pause) 186M->140M(1024M) 3,827ms
[2021-09-01T23:09:58.303+0200][gc,cpu        ] GC(3) User=0,03s Sys=0,00s Real=0,00s
[2021-09-01T23:10:21.547+0200][gc,start      ] GC(4) Pause Young (Concurrent Start) (Metadata GC Threshold)
[2021-09-01T23:10:21.547+0200][gc,task       ] GC(4) Using 10 workers of 10 for evacuation
[2021-09-01T23:10:21.555+0200][gc,phases     ] GC(4)   Pre Evacuate Collection Set: 0,1ms
[2021-09-01T23:10:21.555+0200][gc,phases     ] GC(4)   Evacuate Collection Set: 7,2ms
[2021-09-01T23:10:21.555+0200][gc,phases     ] GC(4)   Post Evacuate Collection Set: 0,3ms
[2021-09-01T23:10:21.555+0200][gc,phases     ] GC(4)   Other: 0,2ms
[2021-09-01T23:10:21.555+0200][gc,heap       ] GC(4) Eden regions: 21->0(49)
[2021-09-01T23:10:21.555+0200][gc,heap       ] GC(4) Survivor regions: 5->2(7)
[2021-09-01T23:10:21.555+0200][gc,heap       ] GC(4) Old regions: 9->13
[2021-09-01T23:10:21.555+0200][gc,heap       ] GC(4) Humongous regions: 129->129
[2021-09-01T23:10:21.555+0200][gc,metaspace  ] GC(4) Metaspace: 34526K->34526K(1081344K)
[2021-09-01T23:10:21.555+0200][gc            ] GC(4) Pause Young (Concurrent Start) (Metadata GC Threshold) 161M->141M(1024M) 7,880ms
[2021-09-01T23:10:21.555+0200][gc,cpu        ] GC(4) User=0,03s Sys=0,01s Real=0,00s
[2021-09-01T23:10:21.555+0200][gc            ] GC(5) Concurrent Cycle
[2021-09-01T23:10:21.555+0200][gc,marking    ] GC(5) Concurrent Clear Claimed Marks
[2021-09-01T23:10:21.555+0200][gc,marking    ] GC(5) Concurrent Clear Claimed Marks 0,112ms
[2021-09-01T23:10:21.555+0200][gc,marking    ] GC(5) Concurrent Scan Root Regions
[2021-09-01T23:10:21.556+0200][gc,marking    ] GC(5) Concurrent Scan Root Regions 1,073ms
[2021-09-01T23:10:21.556+0200][gc,marking    ] GC(5) Concurrent Mark (24,663s)
[2021-09-01T23:10:21.556+0200][gc,marking    ] GC(5) Concurrent Mark From Roots
[2021-09-01T23:10:21.556+0200][gc,task       ] GC(5) Using 3 workers of 3 for marking
[2021-09-01T23:10:21.565+0200][gc,marking    ] GC(5) Concurrent Mark From Roots 8,961ms
[2021-09-01T23:10:21.565+0200][gc,marking    ] GC(5) Concurrent Preclean
[2021-09-01T23:10:21.566+0200][gc,marking    ] GC(5) Concurrent Preclean 0,110ms
[2021-09-01T23:10:21.566+0200][gc,marking    ] GC(5) Concurrent Mark (24,663s, 24,673s) 9,123ms
[2021-09-01T23:10:21.566+0200][gc,start      ] GC(5) Pause Remark
[2021-09-01T23:10:21.570+0200][gc,stringtable] GC(5) Cleaned string and symbol table, strings: 10071 processed, 10 removed, symbols: 81413 processed, 25 removed
[2021-09-01T23:10:21.570+0200][gc            ] GC(5) Pause Remark 143M->143M(1024M) 4,291ms
[2021-09-01T23:10:21.570+0200][gc,cpu        ] GC(5) User=0,02s Sys=0,00s Real=0,00s
[2021-09-01T23:10:21.570+0200][gc,marking    ] GC(5) Concurrent Rebuild Remembered Sets
[2021-09-01T23:10:21.579+0200][gc,marking    ] GC(5) Concurrent Rebuild Remembered Sets 8,542ms
[2021-09-01T23:10:21.579+0200][gc,start      ] GC(5) Pause Cleanup
[2021-09-01T23:10:21.579+0200][gc            ] GC(5) Pause Cleanup 143M->143M(1024M) 0,213ms
[2021-09-01T23:10:21.579+0200][gc,cpu        ] GC(5) User=0,00s Sys=0,00s Real=0,00s
[2021-09-01T23:10:21.579+0200][gc,marking    ] GC(5) Concurrent Cleanup for Next Mark
[2021-09-01T23:10:21.581+0200][gc,marking    ] GC(5) Concurrent Cleanup for Next Mark 1,812ms
[2021-09-01T23:10:21.581+0200][gc            ] GC(5) Concurrent Cycle 25,803ms
[2021-09-01T23:12:18.426+0200][gc,start      ] GC(6) Pause Young (Normal) (G1 Evacuation Pause)
[2021-09-01T23:12:18.426+0200][gc,task       ] GC(6) Using 10 workers of 10 for evacuation
[2021-09-01T23:12:18.432+0200][gc,phases     ] GC(6)   Pre Evacuate Collection Set: 0,0ms
[2021-09-01T23:12:18.432+0200][gc,phases     ] GC(6)   Evacuate Collection Set: 5,3ms
[2021-09-01T23:12:18.432+0200][gc,phases     ] GC(6)   Post Evacuate Collection Set: 0,7ms
[2021-09-01T23:12:18.432+0200][gc,phases     ] GC(6)   Other: 0,2ms
[2021-09-01T23:12:18.432+0200][gc,heap       ] GC(6) Eden regions: 49->0(46)
[2021-09-01T23:12:18.432+0200][gc,heap       ] GC(6) Survivor regions: 2->5(7)
[2021-09-01T23:12:18.432+0200][gc,heap       ] GC(6) Old regions: 13->13
[2021-09-01T23:12:18.432+0200][gc,heap       ] GC(6) Humongous regions: 129->129
[2021-09-01T23:12:18.432+0200][gc,metaspace  ] GC(6) Metaspace: 37649K->37649K(1083392K)
[2021-09-01T23:12:18.432+0200][gc            ] GC(6) Pause Young (Normal) (G1 Evacuation Pause) 190M->145M(1024M) 6,428ms
[2021-09-01T23:12:18.432+0200][gc,cpu        ] GC(6) User=0,04s Sys=0,00s Real=0,00s
[2021-09-01T23:15:24.552+0200][gc,start      ] GC(7) Pause Young (Normal) (G1 Evacuation Pause)
[2021-09-01T23:15:24.552+0200][gc,task       ] GC(7) Using 10 workers of 10 for evacuation
[2021-09-01T23:15:24.565+0200][gc,phases     ] GC(7)   Pre Evacuate Collection Set: 0,0ms
[2021-09-01T23:15:24.565+0200][gc,phases     ] GC(7)   Evacuate Collection Set: 11,9ms
[2021-09-01T23:15:24.565+0200][gc,phases     ] GC(7)   Post Evacuate Collection Set: 0,4ms
[2021-09-01T23:15:24.565+0200][gc,phases     ] GC(7)   Other: 0,3ms
[2021-09-01T23:15:24.565+0200][gc,heap       ] GC(7) Eden regions: 46->0(47)
[2021-09-01T23:15:24.565+0200][gc,heap       ] GC(7) Survivor regions: 5->4(7)
[2021-09-01T23:15:24.565+0200][gc,heap       ] GC(7) Old regions: 13->16
[2021-09-01T23:15:24.565+0200][gc,heap       ] GC(7) Humongous regions: 129->129
[2021-09-01T23:15:24.565+0200][gc,metaspace  ] GC(7) Metaspace: 37975K->37975K(1083392K)
[2021-09-01T23:15:24.565+0200][gc            ] GC(7) Pause Young (Normal) (G1 Evacuation Pause) 191M->147M(1024M) 12,715ms
[2021-09-01T23:15:24.565+0200][gc,cpu        ] GC(7) User=0,08s Sys=0,00s Real=0,02s
[2021-09-01T23:18:54.154+0200][gc,start      ] GC(8) Pause Young (Normal) (G1 Evacuation Pause)
[2021-09-01T23:18:54.154+0200][gc,task       ] GC(8) Using 10 workers of 10 for evacuation
[2021-09-01T23:18:54.159+0200][gc,phases     ] GC(8)   Pre Evacuate Collection Set: 0,0ms
[2021-09-01T23:18:54.159+0200][gc,phases     ] GC(8)   Evacuate Collection Set: 4,5ms
[2021-09-01T23:18:54.159+0200][gc,phases     ] GC(8)   Post Evacuate Collection Set: 0,4ms
[2021-09-01T23:18:54.159+0200][gc,phases     ] GC(8)   Other: 0,2ms
[2021-09-01T23:18:54.159+0200][gc,heap       ] GC(8) Eden regions: 47->0(47)
[2021-09-01T23:18:54.159+0200][gc,heap       ] GC(8) Survivor regions: 4->4(7)
[2021-09-01T23:18:54.159+0200][gc,heap       ] GC(8) Old regions: 16->16
[2021-09-01T23:18:54.159+0200][gc,heap       ] GC(8) Humongous regions: 129->129
[2021-09-01T23:18:54.159+0200][gc,metaspace  ] GC(8) Metaspace: 38070K->38070K(1083392K)
[2021-09-01T23:18:54.159+0200][gc            ] GC(8) Pause Young (Normal) (G1 Evacuation Pause) 194M->146M(1024M) 5,354ms
[2021-09-01T23:18:54.159+0200][gc,cpu        ] GC(8) User=0,03s Sys=0,00s Real=0,01s
[2021-09-01T23:22:26.468+0200][gc,start      ] GC(9) Pause Young (Normal) (G1 Evacuation Pause)
[2021-09-01T23:22:26.468+0200][gc,task       ] GC(9) Using 10 workers of 10 for evacuation
[2021-09-01T23:22:26.474+0200][gc,phases     ] GC(9)   Pre Evacuate Collection Set: 0,0ms
[2021-09-01T23:22:26.474+0200][gc,phases     ] GC(9)   Evacuate Collection Set: 5,4ms
[2021-09-01T23:22:26.474+0200][gc,phases     ] GC(9)   Post Evacuate Collection Set: 0,4ms
[2021-09-01T23:22:26.474+0200][gc,phases     ] GC(9)   Other: 0,3ms
[2021-09-01T23:22:26.474+0200][gc,heap       ] GC(9) Eden regions: 47->0(45)
[2021-09-01T23:22:26.474+0200][gc,heap       ] GC(9) Survivor regions: 4->6(7)
[2021-09-01T23:22:26.474+0200][gc,heap       ] GC(9) Old regions: 16->16
[2021-09-01T23:22:26.474+0200][gc,heap       ] GC(9) Humongous regions: 129->129
[2021-09-01T23:22:26.474+0200][gc,metaspace  ] GC(9) Metaspace: 38152K->38152K(1083392K)
[2021-09-01T23:22:26.474+0200][gc            ] GC(9) Pause Young (Normal) (G1 Evacuation Pause) 193M->149M(1024M) 6,261ms
[2021-09-01T23:22:26.475+0200][gc,cpu        ] GC(9) User=0,04s Sys=0,00s Real=0,00s
[2021-09-01T23:25:51.077+0200][gc,start      ] GC(10) Pause Young (Normal) (G1 Evacuation Pause)
[2021-09-01T23:25:51.078+0200][gc,task       ] GC(10) Using 10 workers of 10 for evacuation
[2021-09-01T23:25:51.086+0200][gc,phases     ] GC(10)   Pre Evacuate Collection Set: 0,0ms
[2021-09-01T23:25:51.086+0200][gc,phases     ] GC(10)   Evacuate Collection Set: 7,7ms
[2021-09-01T23:25:51.086+0200][gc,phases     ] GC(10)   Post Evacuate Collection Set: 0,4ms
[2021-09-01T23:25:51.086+0200][gc,phases     ] GC(10)   Other: 0,3ms
[2021-09-01T23:25:51.086+0200][gc,heap       ] GC(10) Eden regions: 45->0(47)
[2021-09-01T23:25:51.086+0200][gc,heap       ] GC(10) Survivor regions: 6->6(7)
[2021-09-01T23:25:51.086+0200][gc,heap       ] GC(10) Old regions: 16->19
[2021-09-01T23:25:51.086+0200][gc,heap       ] GC(10) Humongous regions: 129->129
[2021-09-01T23:25:51.086+0200][gc,metaspace  ] GC(10) Metaspace: 38171K->38171K(1083392K)
[2021-09-01T23:25:51.086+0200][gc            ] GC(10) Pause Young (Normal) (G1 Evacuation Pause) 194M->152M(1024M) 8,625ms
[2021-09-01T23:25:51.086+0200][gc,cpu        ] GC(10) User=0,06s Sys=0,00s Real=0,01s
[2021-09-01T23:29:26.073+0200][gc,start      ] GC(11) Pause Young (Normal) (G1 Evacuation Pause)
[2021-09-01T23:29:26.074+0200][gc,task       ] GC(11) Using 10 workers of 10 for evacuation
[2021-09-01T23:29:26.083+0200][gc,phases     ] GC(11)   Pre Evacuate Collection Set: 0,0ms
[2021-09-01T23:29:26.083+0200][gc,phases     ] GC(11)   Evacuate Collection Set: 8,7ms
[2021-09-01T23:29:26.083+0200][gc,phases     ] GC(11)   Post Evacuate Collection Set: 0,4ms
[2021-09-01T23:29:26.083+0200][gc,phases     ] GC(11)   Other: 0,2ms
[2021-09-01T23:29:26.083+0200][gc,heap       ] GC(11) Eden regions: 46->0(53)
[2021-09-01T23:29:26.083+0200][gc,heap       ] GC(11) Survivor regions: 6->7(7)
[2021-09-01T23:29:26.083+0200][gc,heap       ] GC(11) Old regions: 19->21
[2021-09-01T23:29:26.083+0200][gc,heap       ] GC(11) Humongous regions: 129->129
[2021-09-01T23:29:26.083+0200][gc,metaspace  ] GC(11) Metaspace: 38232K->38232K(1083392K)
[2021-09-01T23:29:26.083+0200][gc            ] GC(11) Pause Young (Normal) (G1 Evacuation Pause) 198M->155M(1024M) 9,471ms
[2021-09-01T23:29:26.083+0200][gc,cpu        ] GC(11) User=0,06s Sys=0,00s Real=0,01s
[2021-09-01T23:33:34.154+0200][gc,start      ] GC(12) Pause Young (Normal) (G1 Evacuation Pause)
[2021-09-01T23:33:34.154+0200][gc,task       ] GC(12) Using 10 workers of 10 for evacuation
[2021-09-01T23:33:34.162+0200][gc,phases     ] GC(12)   Pre Evacuate Collection Set: 0,0ms
[2021-09-01T23:33:34.162+0200][gc,phases     ] GC(12)   Evacuate Collection Set: 7,3ms
[2021-09-01T23:33:34.162+0200][gc,phases     ] GC(12)   Post Evacuate Collection Set: 0,3ms
[2021-09-01T23:33:34.162+0200][gc,phases     ] GC(12)   Other: 0,3ms
[2021-09-01T23:33:34.162+0200][gc,heap       ] GC(12) Eden regions: 53->0(180)
[2021-09-01T23:33:34.162+0200][gc,heap       ] GC(12) Survivor regions: 7->4(8)
[2021-09-01T23:33:34.162+0200][gc,heap       ] GC(12) Old regions: 21->25
[2021-09-01T23:33:34.162+0200][gc,heap       ] GC(12) Humongous regions: 129->129
[2021-09-01T23:33:34.162+0200][gc,metaspace  ] GC(12) Metaspace: 38255K->38255K(1083392K)
[2021-09-01T23:33:34.162+0200][gc            ] GC(12) Pause Young (Normal) (G1 Evacuation Pause) 208M->155M(1024M) 8,068ms
[2021-09-01T23:33:34.162+0200][gc,cpu        ] GC(12) User=0,07s Sys=0,00s Real=0,01s
[2021-09-01T23:47:59.153+0200][gc,start      ] GC(13) Pause Young (Normal) (G1 Evacuation Pause)
[2021-09-01T23:47:59.153+0200][gc,task       ] GC(13) Using 10 workers of 10 for evacuation
[2021-09-01T23:47:59.167+0200][gc,phases     ] GC(13)   Pre Evacuate Collection Set: 0,0ms
[2021-09-01T23:47:59.167+0200][gc,phases     ] GC(13)   Evacuate Collection Set: 13,8ms
[2021-09-01T23:47:59.167+0200][gc,phases     ] GC(13)   Post Evacuate Collection Set: 0,3ms
[2021-09-01T23:47:59.167+0200][gc,phases     ] GC(13)   Other: 0,3ms
[2021-09-01T23:47:59.167+0200][gc,heap       ] GC(13) Eden regions: 180->0(100)
[2021-09-01T23:47:59.167+0200][gc,heap       ] GC(13) Survivor regions: 4->12(23)
[2021-09-01T23:47:59.167+0200][gc,heap       ] GC(13) Old regions: 25->25
[2021-09-01T23:47:59.167+0200][gc,heap       ] GC(13) Humongous regions: 129->129
[2021-09-01T23:47:59.167+0200][gc,metaspace  ] GC(13) Metaspace: 38334K->38334K(1085440K)
[2021-09-01T23:47:59.167+0200][gc            ] GC(13) Pause Young (Normal) (G1 Evacuation Pause) 335M->163M(1024M) 14,493ms
[2021-09-01T23:47:59.167+0200][gc,cpu        ] GC(13) User=0,08s Sys=0,05s Real=0,02s
[2021-09-01T23:55:57.747+0200][gc,start      ] GC(14) Pause Young (Normal) (G1 Evacuation Pause)
[2021-09-01T23:55:57.747+0200][gc,task       ] GC(14) Using 10 workers of 10 for evacuation
[2021-09-01T23:55:57.761+0200][gc,phases     ] GC(14)   Pre Evacuate Collection Set: 0,0ms
[2021-09-01T23:55:57.761+0200][gc,phases     ] GC(14)   Evacuate Collection Set: 13,3ms
[2021-09-01T23:55:57.761+0200][gc,phases     ] GC(14)   Post Evacuate Collection Set: 0,3ms
[2021-09-01T23:55:57.761+0200][gc,phases     ] GC(14)   Other: 0,2ms
[2021-09-01T23:55:57.761+0200][gc,heap       ] GC(14) Eden regions: 100->0(121)
[2021-09-01T23:55:57.761+0200][gc,heap       ] GC(14) Survivor regions: 12->6(14)
[2021-09-01T23:55:57.761+0200][gc,heap       ] GC(14) Old regions: 25->35
[2021-09-01T23:55:57.761+0200][gc,heap       ] GC(14) Humongous regions: 129->129
[2021-09-01T23:55:57.761+0200][gc,metaspace  ] GC(14) Metaspace: 38380K->38380K(1085440K)
[2021-09-01T23:55:57.761+0200][gc            ] GC(14) Pause Young (Normal) (G1 Evacuation Pause) 263M->168M(1024M) 13,951ms
[2021-09-01T23:55:57.761+0200][gc,cpu        ] GC(14) User=0,06s Sys=0,06s Real=0,01s
[2021-09-02T00:05:35.445+0200][gc,start      ] GC(15) Pause Young (Normal) (G1 Evacuation Pause)
[2021-09-02T00:05:35.445+0200][gc,task       ] GC(15) Using 10 workers of 10 for evacuation
[2021-09-02T00:05:35.455+0200][gc,phases     ] GC(15)   Pre Evacuate Collection Set: 0,0ms
[2021-09-02T00:05:35.455+0200][gc,phases     ] GC(15)   Evacuate Collection Set: 10,2ms
[2021-09-02T00:05:35.455+0200][gc,phases     ] GC(15)   Post Evacuate Collection Set: 0,3ms
[2021-09-02T00:05:35.455+0200][gc,phases     ] GC(15)   Other: 0,3ms
[2021-09-02T00:05:35.455+0200][gc,heap       ] GC(15) Eden regions: 121->0(96)
[2021-09-02T00:05:35.456+0200][gc,heap       ] GC(15) Survivor regions: 6->12(16)
[2021-09-02T00:05:35.456+0200][gc,heap       ] GC(15) Old regions: 35->35
[2021-09-02T00:05:35.456+0200][gc,heap       ] GC(15) Humongous regions: 129->129
[2021-09-02T00:05:35.456+0200][gc,metaspace  ] GC(15) Metaspace: 38391K->38391K(1085440K)
[2021-09-02T00:05:35.456+0200][gc            ] GC(15) Pause Young (Normal) (G1 Evacuation Pause) 289M->173M(1024M) 10,927ms
[2021-09-02T00:05:35.456+0200][gc,cpu        ] GC(15) User=0,08s Sys=0,01s Real=0,00s
