[2021-09-02 13:05:47,921] INFO [GroupMetadataManager brokerId=2] Removed 0 expired offsets in 0 milliseconds. (kafka.coordinator.group.GroupMetadataManager)
[2021-09-02 13:15:47,921] INFO [GroupMetadataManager brokerId=2] Removed 0 expired offsets in 0 milliseconds. (kafka.coordinator.group.GroupMetadataManager)
[2021-09-02 13:25:47,921] INFO [GroupMetadataManager brokerId=2] Removed 0 expired offsets in 0 milliseconds. (kafka.coordinator.group.GroupMetadataManager)
[2021-09-02 13:35:47,921] INFO [GroupMetadataManager brokerId=2] Removed 0 expired offsets in 0 milliseconds. (kafka.coordinator.group.GroupMetadataManager)
[2021-09-02 13:41:59,148] INFO Terminating process due to signal SIGINT (org.apache.kafka.common.utils.LoggingSignalHandler)
[2021-09-02 13:41:59,150] INFO [KafkaServer id=2] shutting down (kafka.server.KafkaServer)
[2021-09-02 13:41:59,151] INFO [KafkaServer id=2] Starting controlled shutdown (kafka.server.KafkaServer)
[2021-09-02 13:41:59,194] INFO [ReplicaFetcherManager on broker 2] Removed fetcher for partitions HashSet(__consumer_offsets-47, OrderCreation-0, __consumer_offsets-14, __consumer_offsets-11, __consumer_offsets-44, __consumer_offsets-41, __consumer_offsets-23, ShowUserData-0, __consumer_offsets-20, __consumer_offsets-17, UpdateAddressShippingUser-0, __consumer_offsets-32, __consumer_offsets-29, __consumer_offsets-26, __consumer_offsets-8, __consumer_offsets-5, __consumer_offsets-38, __consumer_offsets-35, __consumer_offsets-2) (kafka.server.ReplicaFetcherManager)
[2021-09-02 13:41:59,201] INFO [GroupMetadataManager brokerId=2] Scheduling unloading of offsets and group metadata from __consumer_offsets-35 (kafka.coordinator.group.GroupMetadataManager)
[2021-09-02 13:41:59,201] INFO [GroupMetadataManager brokerId=2] Scheduling unloading of offsets and group metadata from __consumer_offsets-5 (kafka.coordinator.group.GroupMetadataManager)
[2021-09-02 13:41:59,201] INFO [GroupMetadataManager brokerId=2] Scheduling unloading of offsets and group metadata from __consumer_offsets-20 (kafka.coordinator.group.GroupMetadataManager)
[2021-09-02 13:41:59,201] INFO [GroupMetadataManager brokerId=2] Scheduling unloading of offsets and group metadata from __consumer_offsets-41 (kafka.coordinator.group.GroupMetadataManager)
[2021-09-02 13:41:59,201] INFO [GroupMetadataManager brokerId=2] Finished unloading __consumer_offsets-35. Removed 0 cached offsets and 0 cached groups. (kafka.coordinator.group.GroupMetadataManager)
[2021-09-02 13:41:59,202] INFO [GroupMetadataManager brokerId=2] Finished unloading __consumer_offsets-5. Removed 0 cached offsets and 0 cached groups. (kafka.coordinator.group.GroupMetadataManager)
[2021-09-02 13:41:59,202] INFO [GroupMetadataManager brokerId=2] Finished unloading __consumer_offsets-20. Removed 0 cached offsets and 0 cached groups. (kafka.coordinator.group.GroupMetadataManager)
[2021-09-02 13:41:59,202] INFO [GroupMetadataManager brokerId=2] Finished unloading __consumer_offsets-41. Removed 0 cached offsets and 0 cached groups. (kafka.coordinator.group.GroupMetadataManager)
[2021-09-02 13:41:59,201] INFO [GroupMetadataManager brokerId=2] Scheduling unloading of offsets and group metadata from __consumer_offsets-29 (kafka.coordinator.group.GroupMetadataManager)
[2021-09-02 13:41:59,202] INFO [GroupMetadataManager brokerId=2] Scheduling unloading of offsets and group metadata from __consumer_offsets-44 (kafka.coordinator.group.GroupMetadataManager)
[2021-09-02 13:41:59,202] INFO [GroupMetadataManager brokerId=2] Finished unloading __consumer_offsets-29. Removed 0 cached offsets and 0 cached groups. (kafka.coordinator.group.GroupMetadataManager)
[2021-09-02 13:41:59,202] INFO [GroupMetadataManager brokerId=2] Finished unloading __consumer_offsets-44. Removed 0 cached offsets and 0 cached groups. (kafka.coordinator.group.GroupMetadataManager)
[2021-09-02 13:41:59,202] INFO [GroupMetadataManager brokerId=2] Scheduling unloading of offsets and group metadata from __consumer_offsets-14 (kafka.coordinator.group.GroupMetadataManager)
[2021-09-02 13:41:59,202] INFO [GroupMetadataManager brokerId=2] Finished unloading __consumer_offsets-14. Removed 0 cached offsets and 0 cached groups. (kafka.coordinator.group.GroupMetadataManager)
[2021-09-02 13:41:59,202] INFO [GroupMetadataManager brokerId=2] Scheduling unloading of offsets and group metadata from __consumer_offsets-2 (kafka.coordinator.group.GroupMetadataManager)
[2021-09-02 13:41:59,202] INFO [GroupMetadataManager brokerId=2] Scheduling unloading of offsets and group metadata from __consumer_offsets-23 (kafka.coordinator.group.GroupMetadataManager)
[2021-09-02 13:41:59,202] INFO [GroupMetadataManager brokerId=2] Finished unloading __consumer_offsets-2. Removed 0 cached offsets and 0 cached groups. (kafka.coordinator.group.GroupMetadataManager)
[2021-09-02 13:41:59,202] INFO [GroupMetadataManager brokerId=2] Scheduling unloading of offsets and group metadata from __consumer_offsets-38 (kafka.coordinator.group.GroupMetadataManager)
[2021-09-02 13:41:59,202] INFO [GroupMetadataManager brokerId=2] Finished unloading __consumer_offsets-23. Removed 0 cached offsets and 0 cached groups. (kafka.coordinator.group.GroupMetadataManager)
[2021-09-02 13:41:59,202] INFO [GroupMetadataManager brokerId=2] Scheduling unloading of offsets and group metadata from __consumer_offsets-8 (kafka.coordinator.group.GroupMetadataManager)
[2021-09-02 13:41:59,202] INFO [GroupMetadataManager brokerId=2] Finished unloading __consumer_offsets-38. Removed 0 cached offsets and 0 cached groups. (kafka.coordinator.group.GroupMetadataManager)
[2021-09-02 13:41:59,202] INFO [GroupMetadataManager brokerId=2] Scheduling unloading of offsets and group metadata from __consumer_offsets-11 (kafka.coordinator.group.GroupMetadataManager)
[2021-09-02 13:41:59,202] INFO [GroupMetadataManager brokerId=2] Finished unloading __consumer_offsets-8. Removed 0 cached offsets and 0 cached groups. (kafka.coordinator.group.GroupMetadataManager)
[2021-09-02 13:41:59,202] INFO [GroupMetadataManager brokerId=2] Scheduling unloading of offsets and group metadata from __consumer_offsets-26 (kafka.coordinator.group.GroupMetadataManager)
[2021-09-02 13:41:59,202] INFO [GroupMetadataManager brokerId=2] Finished unloading __consumer_offsets-11. Removed 0 cached offsets and 0 cached groups. (kafka.coordinator.group.GroupMetadataManager)
[2021-09-02 13:41:59,202] INFO [GroupMetadataManager brokerId=2] Scheduling unloading of offsets and group metadata from __consumer_offsets-47 (kafka.coordinator.group.GroupMetadataManager)
[2021-09-02 13:41:59,202] INFO [GroupMetadataManager brokerId=2] Finished unloading __consumer_offsets-26. Removed 0 cached offsets and 0 cached groups. (kafka.coordinator.group.GroupMetadataManager)
[2021-09-02 13:41:59,202] INFO [GroupMetadataManager brokerId=2] Scheduling unloading of offsets and group metadata from __consumer_offsets-17 (kafka.coordinator.group.GroupMetadataManager)
[2021-09-02 13:41:59,202] INFO [GroupMetadataManager brokerId=2] Finished unloading __consumer_offsets-47. Removed 0 cached offsets and 0 cached groups. (kafka.coordinator.group.GroupMetadataManager)
[2021-09-02 13:41:59,202] INFO [GroupMetadataManager brokerId=2] Scheduling unloading of offsets and group metadata from __consumer_offsets-32 (kafka.coordinator.group.GroupMetadataManager)
[2021-09-02 13:41:59,203] INFO [GroupMetadataManager brokerId=2] Finished unloading __consumer_offsets-17. Removed 0 cached offsets and 0 cached groups. (kafka.coordinator.group.GroupMetadataManager)
[2021-09-02 13:41:59,203] INFO [GroupMetadataManager brokerId=2] Finished unloading __consumer_offsets-32. Removed 0 cached offsets and 0 cached groups. (kafka.coordinator.group.GroupMetadataManager)
[2021-09-02 13:41:59,233] INFO [KafkaServer id=2] Controlled shutdown succeeded (kafka.server.KafkaServer)
[2021-09-02 13:41:59,235] INFO [/config/changes-event-process-thread]: Shutting down (kafka.common.ZkNodeChangeNotificationListener$ChangeEventProcessThread)
[2021-09-02 13:41:59,236] INFO [/config/changes-event-process-thread]: Shutdown completed (kafka.common.ZkNodeChangeNotificationListener$ChangeEventProcessThread)
[2021-09-02 13:41:59,236] INFO [/config/changes-event-process-thread]: Stopped (kafka.common.ZkNodeChangeNotificationListener$ChangeEventProcessThread)
[2021-09-02 13:41:59,236] INFO [SocketServer brokerId=2] Stopping socket server request processors (kafka.network.SocketServer)
[2021-09-02 13:41:59,242] INFO [SocketServer brokerId=2] Stopped socket server request processors (kafka.network.SocketServer)
[2021-09-02 13:41:59,243] INFO [data-plane Kafka Request Handler on Broker 2], shutting down (kafka.server.KafkaRequestHandlerPool)
[2021-09-02 13:41:59,245] INFO [data-plane Kafka Request Handler on Broker 2], shut down completely (kafka.server.KafkaRequestHandlerPool)
[2021-09-02 13:41:59,248] INFO [ExpirationReaper-2-AlterAcls]: Shutting down (kafka.server.DelayedOperationPurgatory$ExpiredOperationReaper)
[2021-09-02 13:41:59,434] INFO [ExpirationReaper-2-AlterAcls]: Shutdown completed (kafka.server.DelayedOperationPurgatory$ExpiredOperationReaper)
[2021-09-02 13:41:59,434] INFO [ExpirationReaper-2-AlterAcls]: Stopped (kafka.server.DelayedOperationPurgatory$ExpiredOperationReaper)
[2021-09-02 13:41:59,435] INFO [KafkaApi-2] Shutdown complete. (kafka.server.KafkaApis)
[2021-09-02 13:41:59,436] INFO [ExpirationReaper-2-topic]: Shutting down (kafka.server.DelayedOperationPurgatory$ExpiredOperationReaper)
[2021-09-02 13:41:59,469] INFO [ReplicaFetcher replicaId=2, leaderId=1, fetcherId=0] Partition UserRegistration-0 has an older epoch (0) than the current leader. Will await the new LeaderAndIsr state before resuming fetching. (kafka.server.ReplicaFetcherThread)
[2021-09-02 13:41:59,470] WARN [ReplicaFetcher replicaId=2, leaderId=1, fetcherId=0] Partition UserRegistration-0 marked as failed (kafka.server.ReplicaFetcherThread)
[2021-09-02 13:41:59,470] INFO [ReplicaFetcher replicaId=2, leaderId=1, fetcherId=0] Partition __consumer_offsets-16 has an older epoch (0) than the current leader. Will await the new LeaderAndIsr state before resuming fetching. (kafka.server.ReplicaFetcherThread)
[2021-09-02 13:41:59,470] WARN [ReplicaFetcher replicaId=2, leaderId=1, fetcherId=0] Partition __consumer_offsets-16 marked as failed (kafka.server.ReplicaFetcherThread)
[2021-09-02 13:41:59,471] INFO [ReplicaFetcher replicaId=2, leaderId=1, fetcherId=0] Partition __consumer_offsets-13 has an older epoch (0) than the current leader. Will await the new LeaderAndIsr state before resuming fetching. (kafka.server.ReplicaFetcherThread)
[2021-09-02 13:41:59,471] WARN [ReplicaFetcher replicaId=2, leaderId=1, fetcherId=0] Partition __consumer_offsets-13 marked as failed (kafka.server.ReplicaFetcherThread)
[2021-09-02 13:41:59,471] INFO [ReplicaFetcher replicaId=2, leaderId=1, fetcherId=0] Partition __consumer_offsets-46 has an older epoch (0) than the current leader. Will await the new LeaderAndIsr state before resuming fetching. (kafka.server.ReplicaFetcherThread)
[2021-09-02 13:41:59,471] WARN [ReplicaFetcher replicaId=2, leaderId=1, fetcherId=0] Partition __consumer_offsets-46 marked as failed (kafka.server.ReplicaFetcherThread)
[2021-09-02 13:41:59,471] INFO [ReplicaFetcher replicaId=2, leaderId=1, fetcherId=0] Partition __consumer_offsets-43 has an older epoch (0) than the current leader. Will await the new LeaderAndIsr state before resuming fetching. (kafka.server.ReplicaFetcherThread)
[2021-09-02 13:41:59,471] WARN [ReplicaFetcher replicaId=2, leaderId=1, fetcherId=0] Partition __consumer_offsets-43 marked as failed (kafka.server.ReplicaFetcherThread)
[2021-09-02 13:41:59,471] INFO [ReplicaFetcher replicaId=2, leaderId=1, fetcherId=0] Partition __consumer_offsets-10 has an older epoch (0) than the current leader. Will await the new LeaderAndIsr state before resuming fetching. (kafka.server.ReplicaFetcherThread)
[2021-09-02 13:41:59,471] WARN [ReplicaFetcher replicaId=2, leaderId=1, fetcherId=0] Partition __consumer_offsets-10 marked as failed (kafka.server.ReplicaFetcherThread)
[2021-09-02 13:41:59,471] INFO [ReplicaFetcher replicaId=2, leaderId=1, fetcherId=0] Partition __consumer_offsets-22 has an older epoch (0) than the current leader. Will await the new LeaderAndIsr state before resuming fetching. (kafka.server.ReplicaFetcherThread)
[2021-09-02 13:41:59,472] WARN [ReplicaFetcher replicaId=2, leaderId=1, fetcherId=0] Partition __consumer_offsets-22 marked as failed (kafka.server.ReplicaFetcherThread)
[2021-09-02 13:41:59,472] INFO [ReplicaFetcher replicaId=2, leaderId=1, fetcherId=0] Partition __consumer_offsets-19 has an older epoch (0) than the current leader. Will await the new LeaderAndIsr state before resuming fetching. (kafka.server.ReplicaFetcherThread)
[2021-09-02 13:41:59,472] WARN [ReplicaFetcher replicaId=2, leaderId=1, fetcherId=0] Partition __consumer_offsets-19 marked as failed (kafka.server.ReplicaFetcherThread)
[2021-09-02 13:41:59,472] INFO [ReplicaFetcher replicaId=2, leaderId=1, fetcherId=0] Partition __consumer_offsets-49 has an older epoch (0) than the current leader. Will await the new LeaderAndIsr state before resuming fetching. (kafka.server.ReplicaFetcherThread)
[2021-09-02 13:41:59,472] WARN [ReplicaFetcher replicaId=2, leaderId=1, fetcherId=0] Partition __consumer_offsets-49 marked as failed (kafka.server.ReplicaFetcherThread)
[2021-09-02 13:41:59,472] INFO [ReplicaFetcher replicaId=2, leaderId=1, fetcherId=0] Partition __consumer_offsets-31 has an older epoch (0) than the current leader. Will await the new LeaderAndIsr state before resuming fetching. (kafka.server.ReplicaFetcherThread)
[2021-09-02 13:41:59,472] WARN [ReplicaFetcher replicaId=2, leaderId=1, fetcherId=0] Partition __consumer_offsets-31 marked as failed (kafka.server.ReplicaFetcherThread)
[2021-09-02 13:41:59,472] INFO [ReplicaFetcher replicaId=2, leaderId=1, fetcherId=0] Partition __consumer_offsets-28 has an older epoch (0) than the current leader. Will await the new LeaderAndIsr state before resuming fetching. (kafka.server.ReplicaFetcherThread)
[2021-09-02 13:41:59,473] WARN [ReplicaFetcher replicaId=2, leaderId=1, fetcherId=0] Partition __consumer_offsets-28 marked as failed (kafka.server.ReplicaFetcherThread)
[2021-09-02 13:41:59,473] INFO [ReplicaFetcher replicaId=2, leaderId=1, fetcherId=0] Partition __consumer_offsets-25 has an older epoch (0) than the current leader. Will await the new LeaderAndIsr state before resuming fetching. (kafka.server.ReplicaFetcherThread)
[2021-09-02 13:41:59,473] WARN [ReplicaFetcher replicaId=2, leaderId=1, fetcherId=0] Partition __consumer_offsets-25 marked as failed (kafka.server.ReplicaFetcherThread)
[2021-09-02 13:41:59,473] INFO [ReplicaFetcher replicaId=2, leaderId=1, fetcherId=0] Partition __consumer_offsets-7 has an older epoch (0) than the current leader. Will await the new LeaderAndIsr state before resuming fetching. (kafka.server.ReplicaFetcherThread)
[2021-09-02 13:41:59,473] WARN [ReplicaFetcher replicaId=2, leaderId=1, fetcherId=0] Partition __consumer_offsets-7 marked as failed (kafka.server.ReplicaFetcherThread)
[2021-09-02 13:41:59,473] INFO [ReplicaFetcher replicaId=2, leaderId=1, fetcherId=0] Partition __consumer_offsets-40 has an older epoch (0) than the current leader. Will await the new LeaderAndIsr state before resuming fetching. (kafka.server.ReplicaFetcherThread)
[2021-09-02 13:41:59,473] WARN [ReplicaFetcher replicaId=2, leaderId=1, fetcherId=0] Partition __consumer_offsets-40 marked as failed (kafka.server.ReplicaFetcherThread)
[2021-09-02 13:41:59,473] INFO [ReplicaFetcher replicaId=2, leaderId=1, fetcherId=0] Partition __consumer_offsets-37 has an older epoch (0) than the current leader. Will await the new LeaderAndIsr state before resuming fetching. (kafka.server.ReplicaFetcherThread)
[2021-09-02 13:41:59,474] WARN [ReplicaFetcher replicaId=2, leaderId=1, fetcherId=0] Partition __consumer_offsets-37 marked as failed (kafka.server.ReplicaFetcherThread)
[2021-09-02 13:41:59,474] INFO [ReplicaFetcher replicaId=2, leaderId=1, fetcherId=0] Partition __consumer_offsets-4 has an older epoch (0) than the current leader. Will await the new LeaderAndIsr state before resuming fetching. (kafka.server.ReplicaFetcherThread)
[2021-09-02 13:41:59,474] WARN [ReplicaFetcher replicaId=2, leaderId=1, fetcherId=0] Partition __consumer_offsets-4 marked as failed (kafka.server.ReplicaFetcherThread)
[2021-09-02 13:41:59,474] INFO [ReplicaFetcher replicaId=2, leaderId=1, fetcherId=0] Partition __consumer_offsets-1 has an older epoch (0) than the current leader. Will await the new LeaderAndIsr state before resuming fetching. (kafka.server.ReplicaFetcherThread)
[2021-09-02 13:41:59,474] WARN [ReplicaFetcher replicaId=2, leaderId=1, fetcherId=0] Partition __consumer_offsets-1 marked as failed (kafka.server.ReplicaFetcherThread)
[2021-09-02 13:41:59,474] INFO [ReplicaFetcher replicaId=2, leaderId=1, fetcherId=0] Partition __consumer_offsets-34 has an older epoch (0) than the current leader. Will await the new LeaderAndIsr state before resuming fetching. (kafka.server.ReplicaFetcherThread)
[2021-09-02 13:41:59,475] WARN [ReplicaFetcher replicaId=2, leaderId=1, fetcherId=0] Partition __consumer_offsets-34 marked as failed (kafka.server.ReplicaFetcherThread)
[2021-09-02 13:41:59,475] INFO [ReplicaFetcher replicaId=2, leaderId=1, fetcherId=0] Partition ShowOrder-0 has an older epoch (0) than the current leader. Will await the new LeaderAndIsr state before resuming fetching. (kafka.server.ReplicaFetcherThread)
[2021-09-02 13:41:59,475] WARN [ReplicaFetcher replicaId=2, leaderId=1, fetcherId=0] Partition ShowOrder-0 marked as failed (kafka.server.ReplicaFetcherThread)
[2021-09-02 13:41:59,475] INFO [ReplicaFetcher replicaId=2, leaderId=1, fetcherId=0] Partition ShowShippingNotCompleted-0 has an older epoch (0) than the current leader. Will await the new LeaderAndIsr state before resuming fetching. (kafka.server.ReplicaFetcherThread)
[2021-09-02 13:41:59,475] WARN [ReplicaFetcher replicaId=2, leaderId=1, fetcherId=0] Partition ShowShippingNotCompleted-0 marked as failed (kafka.server.ReplicaFetcherThread)
[2021-09-02 13:41:59,475] INFO [ReplicaFetcher replicaId=2, leaderId=1, fetcherId=0] Partition CompleteShipping-0 has an older epoch (0) than the current leader. Will await the new LeaderAndIsr state before resuming fetching. (kafka.server.ReplicaFetcherThread)
[2021-09-02 13:41:59,475] WARN [ReplicaFetcher replicaId=2, leaderId=1, fetcherId=0] Partition CompleteShipping-0 marked as failed (kafka.server.ReplicaFetcherThread)
[2021-09-02 13:41:59,475] INFO [ReplicaFetcher replicaId=2, leaderId=1, fetcherId=0] Partition NotifyCompleteShipping-0 has an older epoch (0) than the current leader. Will await the new LeaderAndIsr state before resuming fetching. (kafka.server.ReplicaFetcherThread)
[2021-09-02 13:41:59,476] WARN [ReplicaFetcher replicaId=2, leaderId=1, fetcherId=0] Partition NotifyCompleteShipping-0 marked as failed (kafka.server.ReplicaFetcherThread)
[2021-09-02 13:41:59,547] INFO [ExpirationReaper-2-topic]: Stopped (kafka.server.DelayedOperationPurgatory$ExpiredOperationReaper)
[2021-09-02 13:41:59,547] INFO [ExpirationReaper-2-topic]: Shutdown completed (kafka.server.DelayedOperationPurgatory$ExpiredOperationReaper)
[2021-09-02 13:41:59,550] INFO [TransactionCoordinator id=2] Shutting down. (kafka.coordinator.transaction.TransactionCoordinator)
[2021-09-02 13:41:59,551] INFO [ProducerId Manager 2]: Shutdown complete: last producerId assigned 2000 (kafka.coordinator.transaction.ProducerIdManager)
[2021-09-02 13:41:59,551] INFO [Transaction State Manager 2]: Shutdown complete (kafka.coordinator.transaction.TransactionStateManager)
[2021-09-02 13:41:59,551] INFO [Transaction Marker Channel Manager 2]: Shutting down (kafka.coordinator.transaction.TransactionMarkerChannelManager)
[2021-09-02 13:41:59,551] INFO [Transaction Marker Channel Manager 2]: Shutdown completed (kafka.coordinator.transaction.TransactionMarkerChannelManager)
[2021-09-02 13:41:59,551] INFO [Transaction Marker Channel Manager 2]: Stopped (kafka.coordinator.transaction.TransactionMarkerChannelManager)
[2021-09-02 13:41:59,552] INFO [TransactionCoordinator id=2] Shutdown complete. (kafka.coordinator.transaction.TransactionCoordinator)
[2021-09-02 13:41:59,553] INFO [GroupCoordinator 2]: Shutting down. (kafka.coordinator.group.GroupCoordinator)
[2021-09-02 13:41:59,553] INFO [ExpirationReaper-2-Heartbeat]: Shutting down (kafka.server.DelayedOperationPurgatory$ExpiredOperationReaper)
[2021-09-02 13:41:59,629] INFO [ReplicaFetcher replicaId=2, leaderId=0, fetcherId=0] Partition UpdateQuantityItem-0 has an older epoch (0) than the current leader. Will await the new LeaderAndIsr state before resuming fetching. (kafka.server.ReplicaFetcherThread)
[2021-09-02 13:41:59,629] WARN [ReplicaFetcher replicaId=2, leaderId=0, fetcherId=0] Partition UpdateQuantityItem-0 marked as failed (kafka.server.ReplicaFetcherThread)
[2021-09-02 13:41:59,629] INFO [ReplicaFetcher replicaId=2, leaderId=0, fetcherId=0] Partition __consumer_offsets-15 has an older epoch (0) than the current leader. Will await the new LeaderAndIsr state before resuming fetching. (kafka.server.ReplicaFetcherThread)
[2021-09-02 13:41:59,630] WARN [ReplicaFetcher replicaId=2, leaderId=0, fetcherId=0] Partition __consumer_offsets-15 marked as failed (kafka.server.ReplicaFetcherThread)
[2021-09-02 13:41:59,630] INFO [ReplicaFetcher replicaId=2, leaderId=0, fetcherId=0] Partition __consumer_offsets-48 has an older epoch (0) than the current leader. Will await the new LeaderAndIsr state before resuming fetching. (kafka.server.ReplicaFetcherThread)
[2021-09-02 13:41:59,630] WARN [ReplicaFetcher replicaId=2, leaderId=0, fetcherId=0] Partition __consumer_offsets-48 marked as failed (kafka.server.ReplicaFetcherThread)
[2021-09-02 13:41:59,630] INFO [ReplicaFetcher replicaId=2, leaderId=0, fetcherId=0] Partition __consumer_offsets-45 has an older epoch (0) than the current leader. Will await the new LeaderAndIsr state before resuming fetching. (kafka.server.ReplicaFetcherThread)
[2021-09-02 13:41:59,630] WARN [ReplicaFetcher replicaId=2, leaderId=0, fetcherId=0] Partition __consumer_offsets-45 marked as failed (kafka.server.ReplicaFetcherThread)
[2021-09-02 13:41:59,630] INFO [ReplicaFetcher replicaId=2, leaderId=0, fetcherId=0] Partition __consumer_offsets-12 has an older epoch (0) than the current leader. Will await the new LeaderAndIsr state before resuming fetching. (kafka.server.ReplicaFetcherThread)
[2021-09-02 13:41:59,631] WARN [ReplicaFetcher replicaId=2, leaderId=0, fetcherId=0] Partition __consumer_offsets-12 marked as failed (kafka.server.ReplicaFetcherThread)
[2021-09-02 13:41:59,631] INFO [ReplicaFetcher replicaId=2, leaderId=0, fetcherId=0] Partition __consumer_offsets-9 has an older epoch (0) than the current leader. Will await the new LeaderAndIsr state before resuming fetching. (kafka.server.ReplicaFetcherThread)
[2021-09-02 13:41:59,631] WARN [ReplicaFetcher replicaId=2, leaderId=0, fetcherId=0] Partition __consumer_offsets-9 marked as failed (kafka.server.ReplicaFetcherThread)
[2021-09-02 13:41:59,631] INFO [ReplicaFetcher replicaId=2, leaderId=0, fetcherId=0] Partition __consumer_offsets-42 has an older epoch (0) than the current leader. Will await the new LeaderAndIsr state before resuming fetching. (kafka.server.ReplicaFetcherThread)
[2021-09-02 13:41:59,631] WARN [ReplicaFetcher replicaId=2, leaderId=0, fetcherId=0] Partition __consumer_offsets-42 marked as failed (kafka.server.ReplicaFetcherThread)
[2021-09-02 13:41:59,631] INFO [ReplicaFetcher replicaId=2, leaderId=0, fetcherId=0] Partition __consumer_offsets-21 has an older epoch (0) than the current leader. Will await the new LeaderAndIsr state before resuming fetching. (kafka.server.ReplicaFetcherThread)
[2021-09-02 13:41:59,631] WARN [ReplicaFetcher replicaId=2, leaderId=0, fetcherId=0] Partition __consumer_offsets-21 marked as failed (kafka.server.ReplicaFetcherThread)
[2021-09-02 13:41:59,631] INFO [ReplicaFetcher replicaId=2, leaderId=0, fetcherId=0] Partition __consumer_offsets-18 has an older epoch (0) than the current leader. Will await the new LeaderAndIsr state before resuming fetching. (kafka.server.ReplicaFetcherThread)
[2021-09-02 13:41:59,632] WARN [ReplicaFetcher replicaId=2, leaderId=0, fetcherId=0] Partition __consumer_offsets-18 marked as failed (kafka.server.ReplicaFetcherThread)
[2021-09-02 13:41:59,632] INFO [ReplicaFetcher replicaId=2, leaderId=0, fetcherId=0] Partition __consumer_offsets-0 has an older epoch (0) than the current leader. Will await the new LeaderAndIsr state before resuming fetching. (kafka.server.ReplicaFetcherThread)
[2021-09-02 13:41:59,632] WARN [ReplicaFetcher replicaId=2, leaderId=0, fetcherId=0] Partition __consumer_offsets-0 marked as failed (kafka.server.ReplicaFetcherThread)
[2021-09-02 13:41:59,632] INFO [ReplicaFetcher replicaId=2, leaderId=0, fetcherId=0] Partition __consumer_offsets-30 has an older epoch (0) than the current leader. Will await the new LeaderAndIsr state before resuming fetching. (kafka.server.ReplicaFetcherThread)
[2021-09-02 13:41:59,632] WARN [ReplicaFetcher replicaId=2, leaderId=0, fetcherId=0] Partition __consumer_offsets-30 marked as failed (kafka.server.ReplicaFetcherThread)
[2021-09-02 13:41:59,632] INFO [ReplicaFetcher replicaId=2, leaderId=0, fetcherId=0] Partition __consumer_offsets-27 has an older epoch (0) than the current leader. Will await the new LeaderAndIsr state before resuming fetching. (kafka.server.ReplicaFetcherThread)
[2021-09-02 13:41:59,632] WARN [ReplicaFetcher replicaId=2, leaderId=0, fetcherId=0] Partition __consumer_offsets-27 marked as failed (kafka.server.ReplicaFetcherThread)
[2021-09-02 13:41:59,633] INFO [ReplicaFetcher replicaId=2, leaderId=0, fetcherId=0] Partition __consumer_offsets-39 has an older epoch (0) than the current leader. Will await the new LeaderAndIsr state before resuming fetching. (kafka.server.ReplicaFetcherThread)
[2021-09-02 13:41:59,633] WARN [ReplicaFetcher replicaId=2, leaderId=0, fetcherId=0] Partition __consumer_offsets-39 marked as failed (kafka.server.ReplicaFetcherThread)
[2021-09-02 13:41:59,633] INFO [ReplicaFetcher replicaId=2, leaderId=0, fetcherId=0] Partition __consumer_offsets-6 has an older epoch (0) than the current leader. Will await the new LeaderAndIsr state before resuming fetching. (kafka.server.ReplicaFetcherThread)
[2021-09-02 13:41:59,633] WARN [ReplicaFetcher replicaId=2, leaderId=0, fetcherId=0] Partition __consumer_offsets-6 marked as failed (kafka.server.ReplicaFetcherThread)
[2021-09-02 13:41:59,633] INFO [ReplicaFetcher replicaId=2, leaderId=0, fetcherId=0] Partition __consumer_offsets-3 has an older epoch (0) than the current leader. Will await the new LeaderAndIsr state before resuming fetching. (kafka.server.ReplicaFetcherThread)
[2021-09-02 13:41:59,633] WARN [ReplicaFetcher replicaId=2, leaderId=0, fetcherId=0] Partition __consumer_offsets-3 marked as failed (kafka.server.ReplicaFetcherThread)
[2021-09-02 13:41:59,633] INFO [ReplicaFetcher replicaId=2, leaderId=0, fetcherId=0] Partition __consumer_offsets-36 has an older epoch (0) than the current leader. Will await the new LeaderAndIsr state before resuming fetching. (kafka.server.ReplicaFetcherThread)
[2021-09-02 13:41:59,633] WARN [ReplicaFetcher replicaId=2, leaderId=0, fetcherId=0] Partition __consumer_offsets-36 marked as failed (kafka.server.ReplicaFetcherThread)
[2021-09-02 13:41:59,633] INFO [ReplicaFetcher replicaId=2, leaderId=0, fetcherId=0] Partition __consumer_offsets-33 has an older epoch (0) than the current leader. Will await the new LeaderAndIsr state before resuming fetching. (kafka.server.ReplicaFetcherThread)
[2021-09-02 13:41:59,634] WARN [ReplicaFetcher replicaId=2, leaderId=0, fetcherId=0] Partition __consumer_offsets-33 marked as failed (kafka.server.ReplicaFetcherThread)
[2021-09-02 13:41:59,634] INFO [ReplicaFetcher replicaId=2, leaderId=0, fetcherId=0] Partition ShowItem-0 has an older epoch (0) than the current leader. Will await the new LeaderAndIsr state before resuming fetching. (kafka.server.ReplicaFetcherThread)
[2021-09-02 13:41:59,634] WARN [ReplicaFetcher replicaId=2, leaderId=0, fetcherId=0] Partition ShowItem-0 marked as failed (kafka.server.ReplicaFetcherThread)
[2021-09-02 13:41:59,634] INFO [ReplicaFetcher replicaId=2, leaderId=0, fetcherId=0] Partition ShippingCreation-0 has an older epoch (0) than the current leader. Will await the new LeaderAndIsr state before resuming fetching. (kafka.server.ReplicaFetcherThread)
[2021-09-02 13:41:59,634] WARN [ReplicaFetcher replicaId=2, leaderId=0, fetcherId=0] Partition ShippingCreation-0 marked as failed (kafka.server.ReplicaFetcherThread)
[2021-09-02 13:41:59,634] INFO [ReplicaFetcher replicaId=2, leaderId=0, fetcherId=0] Partition NotifyUser-0 has an older epoch (0) than the current leader. Will await the new LeaderAndIsr state before resuming fetching. (kafka.server.ReplicaFetcherThread)
[2021-09-02 13:41:59,634] WARN [ReplicaFetcher replicaId=2, leaderId=0, fetcherId=0] Partition NotifyUser-0 marked as failed (kafka.server.ReplicaFetcherThread)
[2021-09-02 13:41:59,634] INFO [ReplicaFetcher replicaId=2, leaderId=0, fetcherId=0] Partition __consumer_offsets-24 has an older epoch (0) than the current leader. Will await the new LeaderAndIsr state before resuming fetching. (kafka.server.ReplicaFetcherThread)
[2021-09-02 13:41:59,635] WARN [ReplicaFetcher replicaId=2, leaderId=0, fetcherId=0] Partition __consumer_offsets-24 marked as failed (kafka.server.ReplicaFetcherThread)
[2021-09-02 13:41:59,747] INFO [ExpirationReaper-2-Heartbeat]: Stopped (kafka.server.DelayedOperationPurgatory$ExpiredOperationReaper)
[2021-09-02 13:41:59,747] INFO [ExpirationReaper-2-Heartbeat]: Shutdown completed (kafka.server.DelayedOperationPurgatory$ExpiredOperationReaper)
[2021-09-02 13:41:59,748] INFO [ExpirationReaper-2-Rebalance]: Shutting down (kafka.server.DelayedOperationPurgatory$ExpiredOperationReaper)
[2021-09-02 13:41:59,947] INFO [ExpirationReaper-2-Rebalance]: Stopped (kafka.server.DelayedOperationPurgatory$ExpiredOperationReaper)
[2021-09-02 13:41:59,947] INFO [ExpirationReaper-2-Rebalance]: Shutdown completed (kafka.server.DelayedOperationPurgatory$ExpiredOperationReaper)
[2021-09-02 13:41:59,948] INFO [GroupCoordinator 2]: Shutdown complete. (kafka.coordinator.group.GroupCoordinator)
[2021-09-02 13:41:59,960] INFO [ReplicaManager broker=2] Shutting down (kafka.server.ReplicaManager)
[2021-09-02 13:41:59,960] INFO [LogDirFailureHandler]: Shutting down (kafka.server.ReplicaManager$LogDirFailureHandler)
[2021-09-02 13:41:59,960] INFO [LogDirFailureHandler]: Shutdown completed (kafka.server.ReplicaManager$LogDirFailureHandler)
[2021-09-02 13:41:59,960] INFO [LogDirFailureHandler]: Stopped (kafka.server.ReplicaManager$LogDirFailureHandler)
[2021-09-02 13:41:59,961] INFO [ReplicaFetcherManager on broker 2] shutting down (kafka.server.ReplicaFetcherManager)
[2021-09-02 13:41:59,961] INFO [ReplicaFetcher replicaId=2, leaderId=1, fetcherId=0] Shutting down (kafka.server.ReplicaFetcherThread)
[2021-09-02 13:41:59,961] INFO [ReplicaFetcher replicaId=2, leaderId=0, fetcherId=0] Shutting down (kafka.server.ReplicaFetcherThread)
[2021-09-02 13:41:59,961] INFO [ReplicaFetcher replicaId=2, leaderId=1, fetcherId=0] Stopped (kafka.server.ReplicaFetcherThread)
[2021-09-02 13:41:59,961] INFO [ReplicaFetcher replicaId=2, leaderId=1, fetcherId=0] Shutdown completed (kafka.server.ReplicaFetcherThread)
[2021-09-02 13:41:59,963] INFO [ReplicaFetcher replicaId=2, leaderId=0, fetcherId=0] Stopped (kafka.server.ReplicaFetcherThread)
[2021-09-02 13:41:59,963] INFO [ReplicaFetcher replicaId=2, leaderId=0, fetcherId=0] Shutdown completed (kafka.server.ReplicaFetcherThread)
[2021-09-02 13:41:59,964] INFO [ReplicaFetcherManager on broker 2] shutdown completed (kafka.server.ReplicaFetcherManager)
[2021-09-02 13:41:59,964] INFO [ReplicaAlterLogDirsManager on broker 2] shutting down (kafka.server.ReplicaAlterLogDirsManager)
[2021-09-02 13:41:59,964] INFO [ReplicaAlterLogDirsManager on broker 2] shutdown completed (kafka.server.ReplicaAlterLogDirsManager)
[2021-09-02 13:41:59,964] INFO [ExpirationReaper-2-Fetch]: Shutting down (kafka.server.DelayedOperationPurgatory$ExpiredOperationReaper)
[2021-09-02 13:42:00,001] INFO [ExpirationReaper-2-Fetch]: Stopped (kafka.server.DelayedOperationPurgatory$ExpiredOperationReaper)
[2021-09-02 13:42:00,001] INFO [ExpirationReaper-2-Fetch]: Shutdown completed (kafka.server.DelayedOperationPurgatory$ExpiredOperationReaper)
[2021-09-02 13:42:00,002] INFO [ExpirationReaper-2-Produce]: Shutting down (kafka.server.DelayedOperationPurgatory$ExpiredOperationReaper)
[2021-09-02 13:42:00,147] INFO [ExpirationReaper-2-Produce]: Stopped (kafka.server.DelayedOperationPurgatory$ExpiredOperationReaper)
[2021-09-02 13:42:00,147] INFO [ExpirationReaper-2-Produce]: Shutdown completed (kafka.server.DelayedOperationPurgatory$ExpiredOperationReaper)
[2021-09-02 13:42:00,147] INFO [ExpirationReaper-2-DeleteRecords]: Shutting down (kafka.server.DelayedOperationPurgatory$ExpiredOperationReaper)
[2021-09-02 13:42:00,252] INFO [ExpirationReaper-2-DeleteRecords]: Stopped (kafka.server.DelayedOperationPurgatory$ExpiredOperationReaper)
[2021-09-02 13:42:00,252] INFO [ExpirationReaper-2-DeleteRecords]: Shutdown completed (kafka.server.DelayedOperationPurgatory$ExpiredOperationReaper)
[2021-09-02 13:42:00,252] INFO [ExpirationReaper-2-ElectLeader]: Shutting down (kafka.server.DelayedOperationPurgatory$ExpiredOperationReaper)
[2021-09-02 13:42:00,435] INFO [ExpirationReaper-2-ElectLeader]: Stopped (kafka.server.DelayedOperationPurgatory$ExpiredOperationReaper)
[2021-09-02 13:42:00,435] INFO [ExpirationReaper-2-ElectLeader]: Shutdown completed (kafka.server.DelayedOperationPurgatory$ExpiredOperationReaper)
[2021-09-02 13:42:00,438] INFO [ReplicaManager broker=2] Shut down completely (kafka.server.ReplicaManager)
[2021-09-02 13:42:00,439] INFO Shutting down. (kafka.log.LogManager)
[2021-09-02 13:42:00,458] INFO [ProducerStateManager partition=CompleteShipping-0] Writing producer snapshot at offset 1 (kafka.log.ProducerStateManager)
[2021-09-02 13:42:00,461] INFO [ProducerStateManager partition=ShowItem-0] Writing producer snapshot at offset 1 (kafka.log.ProducerStateManager)
[2021-09-02 13:42:00,462] INFO [ProducerStateManager partition=NotifyCompleteShipping-0] Writing producer snapshot at offset 1 (kafka.log.ProducerStateManager)
[2021-09-02 13:42:00,463] INFO [ProducerStateManager partition=__consumer_offsets-24] Writing producer snapshot at offset 3351 (kafka.log.ProducerStateManager)
[2021-09-02 13:42:00,464] INFO [ProducerStateManager partition=NotifyUser-0] Writing producer snapshot at offset 9 (kafka.log.ProducerStateManager)
[2021-09-02 13:42:00,466] INFO [ProducerStateManager partition=OrderCreation-0] Writing producer snapshot at offset 1 (kafka.log.ProducerStateManager)
[2021-09-02 13:42:00,466] INFO [ProducerStateManager partition=ShowShippingNotCompleted-0] Writing producer snapshot at offset 1 (kafka.log.ProducerStateManager)
[2021-09-02 13:42:00,467] INFO [ProducerStateManager partition=ShowOrder-0] Writing producer snapshot at offset 4 (kafka.log.ProducerStateManager)
[2021-09-02 13:42:00,468] INFO [ProducerStateManager partition=ShippingCreation-0] Writing producer snapshot at offset 1 (kafka.log.ProducerStateManager)
[2021-09-02 13:42:00,469] INFO [ProducerStateManager partition=ShowUserData-0] Writing producer snapshot at offset 1 (kafka.log.ProducerStateManager)
[2021-09-02 13:42:00,479] INFO Shutdown complete. (kafka.log.LogManager)
[2021-09-02 13:42:00,483] INFO [ZooKeeperClient Kafka server] Closing. (kafka.zookeeper.ZooKeeperClient)
[2021-09-02 13:42:00,587] INFO EventThread shut down for session: 0x10000936e670002 (org.apache.zookeeper.ClientCnxn)
[2021-09-02 13:42:00,587] INFO Session: 0x10000936e670002 closed (org.apache.zookeeper.ZooKeeper)
[2021-09-02 13:42:00,589] INFO [ZooKeeperClient Kafka server] Closed. (kafka.zookeeper.ZooKeeperClient)
[2021-09-02 13:42:00,589] INFO [ThrottledChannelReaper-Fetch]: Shutting down (kafka.server.ClientQuotaManager$ThrottledChannelReaper)
[2021-09-02 13:42:00,768] INFO [ThrottledChannelReaper-Fetch]: Stopped (kafka.server.ClientQuotaManager$ThrottledChannelReaper)
[2021-09-02 13:42:00,768] INFO [ThrottledChannelReaper-Fetch]: Shutdown completed (kafka.server.ClientQuotaManager$ThrottledChannelReaper)
[2021-09-02 13:42:00,768] INFO [ThrottledChannelReaper-Produce]: Shutting down (kafka.server.ClientQuotaManager$ThrottledChannelReaper)
[2021-09-02 13:42:01,767] INFO [ThrottledChannelReaper-Produce]: Stopped (kafka.server.ClientQuotaManager$ThrottledChannelReaper)
[2021-09-02 13:42:01,767] INFO [ThrottledChannelReaper-Produce]: Shutdown completed (kafka.server.ClientQuotaManager$ThrottledChannelReaper)
[2021-09-02 13:42:01,767] INFO [ThrottledChannelReaper-Request]: Shutting down (kafka.server.ClientQuotaManager$ThrottledChannelReaper)
[2021-09-02 13:42:01,768] INFO [ThrottledChannelReaper-Request]: Stopped (kafka.server.ClientQuotaManager$ThrottledChannelReaper)
[2021-09-02 13:42:01,768] INFO [ThrottledChannelReaper-Request]: Shutdown completed (kafka.server.ClientQuotaManager$ThrottledChannelReaper)
[2021-09-02 13:42:01,769] INFO [SocketServer brokerId=2] Shutting down socket server (kafka.network.SocketServer)
[2021-09-02 13:42:01,782] INFO [SocketServer brokerId=2] Shutdown completed (kafka.network.SocketServer)
[2021-09-02 13:42:01,783] INFO [KafkaServer id=2] shut down completed (kafka.server.KafkaServer)
